2026-01-10 09:00:01 INFO System startup complete
2026-01-10 09:00:05 INFO User login: alice
2026-01-10 09:01:12 INFO Scheduled backup started
2026-01-10 09:01:45 WARN Disk space low on /dev/sda1
2026-01-10 09:02:03 INFO User login: bob
2026-01-10 09:02:47 ERROR Database connection failed
2026-01-10 09:03:15 INFO Retrying database connection
2026-01-10 09:03:18 INFO Database connection established
2026-01-10 09:04:02 INFO User logout: alice
2026-01-10 09:04:44 INFO Cache cleanup completed
2026-01-10 09:05:09 WARN High memory usage detected
2026-01-10 09:05:33 INFO User login: charlie
2026-01-10 09:06:01 INFO File uploaded: report.pdf
2026-01-10 09:06:42 ERROR Failed to send email notification
2026-01-10 09:07:10 INFO Email service restarted
2026-01-10 09:07:58 INFO User login: diana
2026-01-10 09:08:21 WARN Network latency above threshold
2026-01-10 09:08:55 INFO API request received: GET /api/users
2026-01-10 09:09:14 INFO API response sent: 200 OK
2026-01-10 09:09:50 INFO User logout: bob
2026-01-10 09:10:07 INFO Scheduled backup completed
2026-01-10 09:10:44 INFO User login: alice
2026-01-10 09:11:02 ERROR Permission denied accessing /secure/data
2026-01-10 09:11:37 WARN Multiple failed login attempts detected
2026-01-10 09:12:05 INFO Security audit started
2026-01-10 09:12:48 INFO User login: eve
2026-01-10 09:12:55 WARN User bob tried to access forbidden data
2026-01-10 09:13:10 INFO File downloaded: data.csv
2026-01-10 09:13:59 ERROR Timeout while calling external service
2026-01-10 09:14:22 INFO Retrying external service call
2026-01-10 09:14:47 INFO External service responded successfully
2026-01-10 09:15:01 INFO User logout: charlie
2026-01-10 09:15:38 WARN CPU temperature high
2026-01-10 09:16:02 INFO CPU temperature normalized
2026-01-10 09:16:41 INFO User login: frank
2026-01-10 09:17:05 INFO Configuration file reloaded
2026-01-10 09:17:44 ERROR Failed to write to log archive
2026-01-10 09:18:10 INFO Log archive directory recreated
2026-01-10 09:18:55 INFO User logout: diana
2026-01-10 09:19:21 INFO Background job started: cleanup
2026-01-10 09:19:59 INFO Background job completed: cleanup
2026-01-10 09:20:14 WARN Low available file descriptors
2026-01-10 09:20:48 INFO User login: bob
2026-01-10 09:21:05 INFO Password changed for user: alice
2026-01-10 09:21:33 ERROR Invalid configuration detected
2026-01-10 09:21:40 WARN User diana's disk quota exceed
2026-01-10 09:22:01 INFO Configuration rollback initiated
2026-01-10 09:22:29 INFO Configuration rollback completed
2026-01-10 09:22:58 INFO User logout: eve
2026-01-10 09:23:14 INFO New device registered: printer-01
2026-01-10 09:23:47 WARN Printer-01 low on toner
2026-01-10 09:24:09 INFO Print job submitted by user: frank
2026-01-10 09:24:42 ERROR Print job failed: out of paper
2026-01-10 09:25:11 INFO Paper tray refilled
2026-01-10 09:25:39 INFO Print job restarted
2026-01-10 09:26:03 INFO User logout: frank
2026-01-10 09:26:41 INFO System health check started
2026-01-10 09:27:02 INFO System health check passed
2026-01-10 09:27:44 WARN Deprecated API endpoint accessed
2026-01-10 09:28:05 INFO API request received: POST /api/orders
2026-01-10 09:28:31 INFO API response sent: 201 CREATED
2026-01-10 09:29:00 INFO User login: grace
2026-01-10 09:29:22 ERROR Failed to allocate memory block
2026-01-10 09:29:48 INFO Memory cleanup triggered
2026-01-10 09:30:11 INFO Memory allocation successful
2026-01-10 09:30:39 INFO User logout: bob
2026-01-10 09:31:04 WARN Unusual traffic pattern detected
2026-01-10 09:31:27 INFO Traffic normalized
2026-01-10 09:31:55 INFO User logout: alice
2026-01-10 09:32:10 INFO User logout: grace
2026-01-10 09:32:42 INFO System idle
